[2026-02-05 12:25:17] ✓ ================================================================================
[2026-02-05 12:25:17] ✓ TEST EXECUTION STARTED
[2026-02-05 12:25:17] ✓ ================================================================================
[2026-02-05 12:25:17] ✓ Date: 2026-02-05
[2026-02-05 12:25:17] ✓ Time: 12:25:17
[2026-02-05 12:25:17] ✓ ================================================================================
[2026-02-05 12:25:17] ✓ Executing Test Suite
[2026-02-05 12:25:17] ✓ Running Test: test_login using test_login.json
[2026-02-05 12:25:17] ✓ → Executing Test: test_login
[2026-02-05 12:25:33] ✓ ✓ Test 'test_login' completed with status: FAIL
[2026-02-05 12:25:33] ✓ Running Test: test_add_employee using test_add_employee.json
[2026-02-05 12:25:33] ✓ → Executing Test: test_add_employee
[2026-02-05 12:26:22] ✓ ✓ Test 'test_add_employee' completed with status: FAIL
[2026-02-05 12:26:22] ✓ Running Test: test_directory_search using test_directory_search.json
[2026-02-05 12:26:22] ✓ → Executing Test: test_directory_search
[2026-02-05 12:26:56] ✓ ✓ Test 'test_directory_search' completed with status: FAIL
[2026-02-05 12:26:56] ✓ Running Test: test_candidates_search using test_candidates_search.json
[2026-02-05 12:26:56] ✓ → Executing Test: test_candidates_search
[2026-02-05 12:27:26] ✓ ✓ Test 'test_candidates_search' completed with status: FAIL
[2026-02-05 12:27:26] ✓ Running Test: test_claim using test_claim.json
[2026-02-05 12:27:26] ✓ → Executing Test: test_claim
[2026-02-05 12:28:09] ✓ ✓ Test 'test_claim' completed with status: FAIL
[2026-02-05 12:28:09] ✓ ================================================================================
[2026-02-05 12:28:09] ✓ SUITE EXECUTION COMPLETE
[2026-02-05 12:28:09] ✓ ================================================================================
[2026-02-05 12:28:09] ✓ Total Tests: 5 | Passed: 0 | Failed: 5
[2026-02-05 12:28:09] ✓ ================================================================================
